---
source: crates/ptx_backend/tests/add_to_ptx_test.rs
expression: actual
---
.version 7.0
.target sm_75
.address_size 64

// Function: add
// Block: %entry
.reg .s32 %a_val, %b_val, %out, %sum, %x, %y;
.entry add {
    ld.global.f32 %a_val, [a];
    ld.global.f32 %b_val, [b];
    add.s32 %sum, %a_val, %b_val;
    st.global.s32 [%out], %sum;
}
