---
source: crates/ptx_backend/tests/add_ll.rs
expression: actual
---
.version 7.0
.target sm_75
.address_size 64

// Function: add
// Block: %entry
.reg .f32 %a_val, %a, %b_val, %b, %out, %sum;
.reg .s32 %a_val, %sum, %b_val;
.entry add {
        ld.global.f32 a_val, a;
        ld.global.f32 b_val, b;
        add.s32 sum, a_val, b_val;
        st.global.f32 out, sum;
}
