---
source: crates/ptx_backend/tests/llvm_to_ptx_extra.rs
expression: "run_test(\"conflict_type.ll\")"
---
// Function: main
.version 7.0
.target sm_75
.address_size 64

.entry main {
.reg s32 %1;
.reg f32 %val;
entry:
    
    st.global.s32 [%x], %1;
    ld.global.f32 %val, [x];
    mov.b32 %cast, %val;
    ret;
}
